../Src/main.c:49:5:main	1
../Src/main.c:113:13:exti_callback	1
../Src/main.c:118:6:EXTI15_10_IRQHandler	2
../Src/main.c:129:13:uart2_callback	2
../Src/main.c:140:6:USART2_IRQHandler	2
../Src/main.c:147:13:uart1_callback	2
../Src/main.c:160:6:USART1_IRQHandler	2
../Src/main.c:167:13:adc_callback	1
../Src/main.c:172:6:ADC_IRQHandler	2
../Src/main.c:180:13:systick_callback	1
../Src/main.c:185:6:SysTick_Handler	1
../Src/main.c:189:13:timer2_callback	1
../Src/main.c:194:6:TIM2_IRQHandler	1
../Src/main.c:199:13:uart_dma_callback	1
../Src/main.c:203:6:DMA1_Stream6_IRQHandler	2
